../Core/Src/main.c:63:19:I2C_Read	40	static
../Core/Src/main.c:93:19:I2C_Write	72	dynamic
../Core/Src/main.c:118:19:DataRAM_Read	24	static
../Core/Src/main.c:139:19:DataRAM_Write	64	dynamic
../Core/Src/main.c:182:19:CfgRegulators	16	static
../Core/Src/main.c:195:19:CfgAlertPin	16	static
../Core/Src/main.c:203:19:CfgVcellMode	16	static
../Core/Src/main.c:214:19:CfgPrimaryProtections	16	static
../Core/Src/main.c:227:19:CfgAlarmMask	24	static
../Core/Src/main.c:243:19:CfgFETOptions	24	static
../Core/Src/main.c:253:19:CfgFETChgPump	16	static
../Core/Src/main.c:259:19:CfgMfgStatusInit	16	static
../Core/Src/main.c:273:19:SetPrimaryCUV	24	static
../Core/Src/main.c:278:19:SetPrimaryCOV	24	static
../Core/Src/main.c:283:19:SetPrimaryOCC	24	static
../Core/Src/main.c:288:19:SetPrimaryOCD1	24	static
../Core/Src/main.c:293:19:SetPrimaryOCD2	24	static
../Core/Src/main.c:298:19:SetPrimarySCD	24	static
../Core/Src/main.c:305:19:EnterConfigUpdateMode	16	static
../Core/Src/main.c:310:19:ExitConfigUpdateMode	16	static
../Core/Src/main.c:315:19:AllFETsControl	24	static
../Core/Src/main.c:327:19:FETStatusCmd	24	static
../Core/Src/main.c:344:19:CellVoltageCmd	24	static
../Core/Src/main.c:369:5:main	16	static
../Core/Src/main.c:417:6:SystemClock_Config	88	static
../Core/Src/main.c:465:13:MX_I2C1_Init	8	static
../Core/Src/main.c:500:13:MX_USART2_UART_Init	8	static
../Core/Src/main.c:533:13:MX_GPIO_Init	48	static
../Core/Src/main.c:575:6:Error_Handler	4	static,ignoring_inline_asm
